48 events found on stim channel stim
Event IDs: [1 2 3 4]
48 events found on stim channel stim
Event IDs: [1 2 3 4]
48 events found on stim channel stim
Event IDs: [1 2 3 4]
48 events found on stim channel stim
Event IDs: [1 2 3 4]
48 events found on stim channel stim
Event IDs: [1 2 3 4]
48 events found on stim channel stim
Event IDs: [1 2 3 4]
48 events found on stim channel stim
Event IDs: [1 2 3 4]
48 events found on stim channel stim
Event IDs: [1 2 3 4]
48 events found on stim channel stim
Event IDs: [1 2 3 4]
48 events found on stim channel stim
Event IDs: [1 2 3 4]
48 events found on stim channel stim
Event IDs: [1 2 3 4]
48 events found on stim channel stim
Event IDs: [1 2 3 4]
E:\add1\envs\TCFormer1\lib\site-packages\sklearn\utils\deprecation.py:86: FutureWarning: Function scale is deprecated; will be removed in 0.8.0. Use numpy.multiply inside a lambda function instead.
  warnings.warn(msg, category=FutureWarning)
Used Annotations descriptions: ['feet', 'left_hand', 'right_hand', 'tongue']
Using data from preloaded Raw for 48 events and 1000 original time points ...
0 bad epochs dropped
Used Annotations descriptions: ['feet', 'left_hand', 'right_hand', 'tongue']
Using data from preloaded Raw for 48 events and 1000 original time points ...
0 bad epochs dropped
Used Annotations descriptions: ['feet', 'left_hand', 'right_hand', 'tongue']
Using data from preloaded Raw for 48 events and 1000 original time points ...
0 bad epochs dropped
Used Annotations descriptions: ['feet', 'left_hand', 'right_hand', 'tongue']
Using data from preloaded Raw for 48 events and 1000 original time points ...
0 bad epochs dropped
Used Annotations descriptions: ['feet', 'left_hand', 'right_hand', 'tongue']
Using data from preloaded Raw for 48 events and 1000 original time points ...
0 bad epochs dropped
Used Annotations descriptions: ['feet', 'left_hand', 'right_hand', 'tongue']
Using data from preloaded Raw for 48 events and 1000 original time points ...
0 bad epochs dropped
Used Annotations descriptions: ['feet', 'left_hand', 'right_hand', 'tongue']
Using data from preloaded Raw for 48 events and 1000 original time points ...
0 bad epochs dropped
Used Annotations descriptions: ['feet', 'left_hand', 'right_hand', 'tongue']
Using data from preloaded Raw for 48 events and 1000 original time points ...
0 bad epochs dropped
Used Annotations descriptions: ['feet', 'left_hand', 'right_hand', 'tongue']
Using data from preloaded Raw for 48 events and 1000 original time points ...
0 bad epochs dropped
Used Annotations descriptions: ['feet', 'left_hand', 'right_hand', 'tongue']
Using data from preloaded Raw for 48 events and 1000 original time points ...
0 bad epochs dropped
Used Annotations descriptions: ['feet', 'left_hand', 'right_hand', 'tongue']
Using data from preloaded Raw for 48 events and 1000 original time points ...
0 bad epochs dropped
Used Annotations descriptions: ['feet', 'left_hand', 'right_hand', 'tongue']
Using data from preloaded Raw for 48 events and 1000 original time points ...
0 bad epochs dropped
Using data from preloaded Raw for 48 events and 1000 original time points ...
Using data from preloaded Raw for 48 events and 1000 original time points ...
Using data from preloaded Raw for 48 events and 1000 original time points ...
Using data from preloaded Raw for 48 events and 1000 original time points ...
Using data from preloaded Raw for 48 events and 1000 original time points ...
Using data from preloaded Raw for 48 events and 1000 original time points ...
Using data from preloaded Raw for 48 events and 1000 original time points ...
Using data from preloaded Raw for 48 events and 1000 original time points ...
Using data from preloaded Raw for 48 events and 1000 original time points ...
Using data from preloaded Raw for 48 events and 1000 original time points ...
Using data from preloaded Raw for 48 events and 1000 original time points ...
Using data from preloaded Raw for 48 events and 1000 original time points ...
